
> smarthood-frontend@0.0.0 build
> vite build

[36mvite v5.4.21 [32mbuilding for production...[36m[39m
transforming...
node.exe : [1m[33m[plugin:
vite:esbuild][39m[22m 
[33m[plugin vite:esbuild] s
rc/context/LanguageContext.j
sx: [33mDuplicate key 
"employed" in object 
literal[33m
At C:\Program 
Files\nodejs\npm.ps1:29 
char:3
+   & $NODE_EXE $NPM_CLI_JS 
$args
+   ~~~~~~~~~~~~~~~~~~~~~~~~
~~~~~
    + CategoryInfo          
    : NotSpecified: ([1m  
  [33m[plugi...ct literal   
 [33m:String) [], Remot    
eException
    + FullyQualifiedErrorId 
    : NativeCommandError
 
334|              'female': 
'Female',
335|              
'other_gender': 'Other',
336|              
'employed': 'Employed',
   |              ^
337|              
'business': 'Business',
338|              
'student': 'Student',
[39m
[1m[33m[plugin:vite:esbuil
d][39m[22m [33m[plugin 
vite:esbuild] src/context/La
nguageContext.jsx: 
[33mDuplicate key 
"business" in object 
literal[33m
335|              
'other_gender': 'Other',
336|              
'employed': 'Employed',
337|              
'business': 'Business',
   |              ^
338|              
'student': 'Student',
339|              
'homemaker': 'Homemaker',
[39m
[1m[33m[plugin:vite:esbuil
d][39m[22m [33m[plugin 
vite:esbuild] src/context/La
nguageContext.jsx: 
[33mDuplicate key 
"student" in object 
literal[33m
336|              
'employed': 'Employed',
337|              
'business': 'Business',
338|              
'student': 'Student',
   |              ^
339|              
'homemaker': 'Homemaker',
340|              
'others_cat': 'Others'
[39m
[1m[33m[plugin:vite:esbuil
d][39m[22m [33m[plugin 
vite:esbuild] src/context/La
nguageContext.jsx: 
[33mDuplicate key 
"homemaker" in object 
literal[33m
337|              
'business': 'Business',
338|              
'student': 'Student',
339|              
'homemaker': 'Homemaker',
   |              ^
340|              
'others_cat': 'Others'
341|          },
[39m
[1m[33m[plugin:vite:esbuil
d][39m[22m [33m[plugin 
vite:esbuild] src/context/La
nguageContext.jsx: 
[33mDuplicate key 
"employed" in object 
literal[33m
636|              'female': 
'α░╕α▒ìα░ñα▒ìα░░α▒Ç',
637|              
'other_gender': 
'α░çα░ñα░░α▒üα░▓α▒ü',
638|              
'employed': 
'α░ëα░ªα▒ìα░»α▒ïα░ùα░┐',
   |              ^
639|              
'business': 
'α░╡α▒ìα░»α░╛α░¬α░╛α░░α░é',
640|              
'student': 'α░╡α░┐α░ªα▒ìα░»α
░╛α░░α▒ìα░Ñα░┐',
[39m
[1m[33m[plugin:vite:esbuil
d][39m[22m [33m[plugin 
vite:esbuild] src/context/La
nguageContext.jsx: 
[33mDuplicate key 
"business" in object 
literal[33m
637|              
'other_gender': 
'α░çα░ñα░░α▒üα░▓α▒ü',
638|              
'employed': 
'α░ëα░ªα▒ìα░»α▒ïα░ùα░┐',
639|              
'business': 
'α░╡α▒ìα░»α░╛α░¬α░╛α░░α░é',
   |              ^
640|              
'student': 'α░╡α░┐α░ªα▒ìα░»α
░╛α░░α▒ìα░Ñα░┐',
641|              
'homemaker': 
'α░ùα▒âα░╣α░┐α░úα░┐',
[39m
[1m[33m[plugin:vite:esbuil
d][39m[22m [33m[plugin 
vite:esbuild] src/context/La
nguageContext.jsx: 
[33mDuplicate key 
"student" in object 
literal[33m
638|              
'employed': 
'α░ëα░ªα▒ìα░»α▒ïα░ùα░┐',
639|              
'business': 
'α░╡α▒ìα░»α░╛α░¬α░╛α░░α░é',
640|              
'student': 'α░╡α░┐α░ªα▒ìα░»α
░╛α░░α▒ìα░Ñα░┐',
   |              ^
641|              
'homemaker': 
'α░ùα▒âα░╣α░┐α░úα░┐',
642|              
'others_cat': 
'α░çα░ñα░░α▒üα░▓α▒ü'
[39m
[1m[33m[plugin:vite:esbuil
d][39m[22m [33m[plugin 
vite:esbuild] src/context/La
nguageContext.jsx: 
[33mDuplicate key 
"homemaker" in object 
literal[33m
639|              
'business': 
'α░╡α▒ìα░»α░╛α░¬α░╛α░░α░é',
640|              
'student': 'α░╡α░┐α░ªα▒ìα░»α
░╛α░░α▒ìα░Ñα░┐',
641|              
'homemaker': 
'α░ùα▒âα░╣α░┐α░úα░┐',
   |              ^
642|              
'others_cat': 
'α░çα░ñα░░α▒üα░▓α▒ü'
643|          }
[39m
[32mΓ£ô[39m 1507 modules transformed.
rendering chunks...
computing gzip size...
[2mdist/[22m[32mindex.html                           [39m[1m[2m  0.48 kB[22m[1m[22m[2m Γöé gzip:   0.32 kB[22m
[2mdist/[22m[32massets/Smart Hood Logo-Db3YeqJu.png  [39m[1m[2m302.53 kB[22m[1m[22m
[2mdist/[22m[35massets/index-pWjdRJRE.css            [39m[1m[2m115.62 kB[22m[1m[22m[2m Γöé gzip:  21.98 kB[22m
[2mdist/[22m[36massets/index-xAiBz61W.js             [39m[1m[33m764.85 kB[39m[22m[2m Γöé gzip: 201.95 kB[22m
[33m
(!) Some chunks are larger 
than 500 kB after 
minification. Consider:
- Using dynamic import() to 
code-split the application
- Use build.rollupOptions.ou
tput.manualChunks to 
improve chunking: https://ro
llupjs.org/configuration-opt
ions/#output-manualchunks
- Adjust chunk size limit 
for this warning via build.c
hunkSizeWarningLimit.[39m
[32mΓ£ô built in 6.96s[39m
