Parsing Firebase Key... Present: true
Firebase Admin initialized successfully
Connecting to database...
Finding your profile (9398176717)...
Found: Thiriveedhi Saran Naga Sai
Email on file: sarannagasait@gmail.com
Triggering Dual-Channel notification (Email + FCM)...
[Notification] Creating for userId: 6981a63b1ddcf1b5b44c981c, type: system
≡ƒôº [Notification] Attempting email to sarannagasait@gmail.com...
[Email] Creating persistent SMTP Transporter: smtp-relay.brevo.com:2525 (User: Present, Secure: false)
[Email] SUCCESS: Sent to sarannagasait@gmail.com
Γ£à [Notification] Email SUCCESS for sarannagasait@gmail.com
≡ƒô▒ [Notification] Attempting push to Thiriveedhi Saran Naga Sai...
node : [Notification] FCM 
error for Thiriveedhi Saran 
Naga Sai: Credential 
implementation provided to 
initializeApp() via the 
"credential" property failed 
to fetch a valid Google 
OAuth2 access token with the 
following error: "Error 
fetching access token: 
invalid_grant (Invalid JWT 
Signature.)". There are two 
likely causes: (1) your 
server time is not properly 
synced or (2) your 
certificate key file has 
been revoked. To solve (1), 
re-sync the time on your 
server. To solve (2), make 
sure the key ID for your key 
file is still present at http
s://console.firebase.google.c
om/iam-admin/serviceaccounts/
project. If not, generate a 
new key file at https://conso
le.firebase.google.com/projec
t/_/settings/serviceaccounts/
adminsdk.
At line:1 char:1
+ node manual_test.js > 
test_output.txt 2>&1; cat 
test_output.txt
+ ~~~~~~~~~~~~~~~~~~~~~~~~~~~
~~~~~~~~~~~~~~~
    + CategoryInfo           
   : NotSpecified: ([Notifi  
  cation] ...ounts/adminsd   
 k.:String) [], RemoteExc    
eption
    + FullyQualifiedErrorId  
   : NativeCommandError
 
Γ£à Success! The notification system has processed your request.
Please check your Email, Phone Notifications, and the Bell icon in the app.
