
--- Alert ---

        <div style="font-family: 'Segoe UI', Tahoma, Geneva, Verdana, sans-serif; max-width: 600px; margin: 0 auto; border: 1px solid #e2e8f0; border-radius: 16px; overflow: hidden; background-color: #ffffff;">
            <!-- Header with Locality -->
            <div style="background: #dc2626; padding: 30px 25px; text-align: center; color: white;">
                <p style="margin: 0 0 8px 0; font-size: 14px; opacity: 0.9; text-transform: uppercase; letter-spacing: 2px; font-weight: 600;">⚠️ Alert from / నుండి హెచ్చరిక</p>
                <h1 style="margin: 0; font-size: 28px; font-weight: 800; letter-spacing: 0.5px;">Madhapur</h1>
                <p style="margin: 8px 0 0; font-size: 14px; opacity: 0.85;">Hyderabad, Rangareddy</p>
            </div>

            <div style="padding: 30px;">
                <!-- Alert Category Badge -->
                <div style="text-align: center; margin-bottom: 25px;">
                    <span style="display: inline-block; background: #dc262615; color: #dc2626; padding: 8px 20px; border-radius: 50px; font-weight: 700; font-size: 14px; text-transform: uppercase; letter-spacing: 1px; border: 2px solid #dc262630;">
                        Emergency / అత్యవసర
                         — Medical
                    </span>
                </div>

                

                <!-- Full Description -->
                <div style="background: #f8fafc; border-left: 4px solid #dc2626; padding: 20px; margin-bottom: 25px; border-radius: 0 8px 8px 0;">
                    <h3 style="margin: 0 0 10px 0; font-size: 14px; text-transform: uppercase; color: #64748b; letter-spacing: 1px;">Alert Details / వివరాలు</h3>
                    <p style="margin: 0; color: #334155; font-size: 16px; line-height: 1.7; white-space: pre-wrap;">Need urgent ambulance service near Hitech City.</p>
                </div>

                <!-- Sender Information -->
                <div style="border: 1px solid #e2e8f0; border-radius: 12px; padding: 20px; background: #fcfcfc;">
                    <h3 style="margin: 0 0 15px 0; font-size: 14px; text-transform: uppercase; color: #64748b; letter-spacing: 1px;">Raised By / ద్వారా పోస్ట్ చేయబడింది</h3>
                    <div style="display: flex; align-items: center;">
                        <div style="margin-right: 15px;">
                             
                            <img src="http://localhost:5173/uploads/photo.jpg" alt="Ramesh Gupta" style="width: 50px; height: 50px; border-radius: 50%; object-fit: cover; border: 2px solid #dc262640;">
                            
                        </div>
                        <div>
                            <div style="font-weight: 700; color: #0f172a; font-size: 18px;">Ramesh Gupta</div>
                            <div style="color: #64748b; font-size: 14px;">Madhapur</div>
                        </div>
                    </div>
                    <div style="margin-top: 15px; padding-top: 15px; border-top: 1px dashed #e2e8f0; font-size: 14px; color: #334155;">
                        <div style="margin-bottom: 8px;">📞 <strong>Phone:</strong> 9876543210</div>
                        <div>📧 <strong>Email:</strong> ramesh@example.com</div>
                    </div>
                </div>
            </div>

            <!-- Footer -->
            <div style="background: #f1f5f9; padding: 20px; text-align: center; border-top: 1px solid #e2e8f0;">
                <p style="color: #64748b; margin: 0; font-size: 12px;">
                    SmartHood Community Alert • Madhapur
                </p>
                <p style="color: #94a3b8; margin: 8px 0 0; font-size: 11px;">
                    © 2026 SmartHood. All rights reserved.
                </p>
            </div>
        </div>
    

--- Offer ---

        <div style="font-family: 'Segoe UI', Tahoma, Geneva, Verdana, sans-serif; max-width: 600px; margin: 0 auto; border: 1px solid #e2e8f0; border-radius: 16px; overflow: hidden; background-color: #ffffff;">
            <!-- Header -->
            <div style="background: #059669; padding: 25px; text-align: center; color: white;">
                <h1 style="margin: 0; font-size: 24px; font-weight: 700;">New Service Offer / కొత్త ఆఫర్</h1>
                <p style="margin: 5px 0 0; opacity: 0.9;">In your locality: Madhapur</p>
            </div>

            <div style="padding: 30px;">
                <!-- Main Content -->
                <div style="margin-bottom: 25px;">
                    <h2 style="color: #1e293b; margin-top: 0; font-size: 20px; line-height: 1.4;">Plumbing Repair</h2>
                    <div style="background: #f8fafc; border-left: 4px solid #059669; padding: 15px; margin: 15px 0; border-radius: 4px;">
                        <p style="margin: 0; color: #475569; font-style: italic; line-height: 1.6;">
                            "Leaking tap need fix immediately."
                        </p>
                    </div>
                </div>

                <!-- Creator Profile -->
                <div style="border: 1px solid #e2e8f0; border-radius: 12px; padding: 20px; margin-bottom: 25px; background: #fcfcfc;">
                    <h3 style="margin: 0 0 15px 0; font-size: 14px; text-transform: uppercase; color: #64748b; letter-spacing: 1px;">Posted By / ద్వారా పోస్ట్ చేయబడింది</h3>
                    <div style="display: flex; align-items: center;">
                        <div style="margin-right: 15px;">
                            
                            <img src="http://localhost:5173/uploads/photo.jpg" alt="Ramesh Gupta" style="width: 50px; height: 50px; border-radius: 50%; object-fit: cover; border: 2px solid #e2e8f0;">
                            
                        </div>
                        <div>
                            <div style="font-weight: 700; color: #0f172a; font-size: 16px;">Ramesh Gupta</div>
                            <div style="color: #64748b; font-size: 14px;">
                                Business 
                            </div>
                        </div>
                    </div>
                    
                    

                    
                    <div style="margin-top: 15px; padding-top: 15px; border-top: 1px dashed #e2e8f0; font-size: 13px; color: #475569;">
                        <strong>Role:</strong> Shop Owner
                    </div>
                </div>

                <!-- Action Button -->
                <div style="text-align: center;">
                    <a href="http://localhost:5173/service/12345" 
                       style="background: #059669; color: white; padding: 14px 30px; text-decoration: none; border-radius: 8px; font-weight: 600; display: inline-block;">
                        View Full Details / పూర్తి వివరాలు
                    </a>
                    <p style="margin-top: 15px; font-size: 13px; color: #94a3b8;">
                        Click the button above to view contact details and respond.
                    </p>
                </div>
            </div>
            
            <!-- Footer -->
            <div style="background: #f1f5f9; padding: 20px; text-align: center; border-top: 1px solid #e2e8f0;">
                <p style="color: #64748b; margin: 0; font-size: 12px;">
                    SmartHood Community Notification
                </p>
            </div>
        </div>
    

--- Request ---

        <div style="font-family: 'Segoe UI', Tahoma, Geneva, Verdana, sans-serif; max-width: 600px; margin: 0 auto; border: 1px solid #e2e8f0; border-radius: 16px; overflow: hidden; background-color: #ffffff;">
            <!-- Header -->
            <div style="background: #d97706; padding: 25px; text-align: center; color: white;">
                <h1 style="margin: 0; font-size: 24px; font-weight: 700;">New Help Request / కొత్త అభ్యర్థన</h1>
                <p style="margin: 5px 0 0; opacity: 0.9;">In your locality: Madhapur</p>
            </div>

            <div style="padding: 30px;">
                <!-- Main Content -->
                <div style="margin-bottom: 25px;">
                    <h2 style="color: #1e293b; margin-top: 0; font-size: 20px; line-height: 1.4;">Plumbing Repair</h2>
                    <div style="background: #f8fafc; border-left: 4px solid #d97706; padding: 15px; margin: 15px 0; border-radius: 4px;">
                        <p style="margin: 0; color: #475569; font-style: italic; line-height: 1.6;">
                            "Leaking tap need fix immediately."
                        </p>
                    </div>
                </div>

                <!-- Creator Profile -->
                <div style="border: 1px solid #e2e8f0; border-radius: 12px; padding: 20px; margin-bottom: 25px; background: #fcfcfc;">
                    <h3 style="margin: 0 0 15px 0; font-size: 14px; text-transform: uppercase; color: #64748b; letter-spacing: 1px;">Posted By / ద్వారా పోస్ట్ చేయబడింది</h3>
                    <div style="display: flex; align-items: center;">
                        <div style="margin-right: 15px;">
                            
                            <img src="http://localhost:5173/uploads/photo.jpg" alt="Ramesh Gupta" style="width: 50px; height: 50px; border-radius: 50%; object-fit: cover; border: 2px solid #e2e8f0;">
                            
                        </div>
                        <div>
                            <div style="font-weight: 700; color: #0f172a; font-size: 16px;">Ramesh Gupta</div>
                            <div style="color: #64748b; font-size: 14px;">
                                Business • Madhapur
                            </div>
                        </div>
                    </div>
                    
                    
                    <div style="margin-top: 15px; padding-top: 15px; border-top: 1px dashed #e2e8f0; font-size: 14px; color: #334155;">
                        <div style="margin-bottom: 8px;"><strong>📍 Area:</strong> Madhapur, Hyderabad</div>
                        <div style="margin-bottom: 8px;"><strong>📧 Email:</strong> ramesh@example.com</div>
                        <div><strong>📞 Phone:</strong> 9876543210</div>
                    </div>
                    

                    
                    <div style="margin-top: 10px; padding-top: 0;  font-size: 13px; color: #475569;">
                        <strong>Role:</strong> Shop Owner
                    </div>
                </div>

                <!-- Action Button -->
                <div style="text-align: center;">
                    <a href="http://localhost:5173/service/12345" 
                       style="background: #d97706; color: white; padding: 14px 30px; text-decoration: none; border-radius: 8px; font-weight: 600; display: inline-block;">
                        View Full Details / పూర్తి వివరాలు
                    </a>
                    <p style="margin-top: 15px; font-size: 13px; color: #94a3b8;">
                        Click the button above to view contact details and respond.
                    </p>
                </div>
            </div>
            
            <!-- Footer -->
            <div style="background: #f1f5f9; padding: 20px; text-align: center; border-top: 1px solid #e2e8f0;">
                <p style="color: #64748b; margin: 0; font-size: 12px;">
                    SmartHood Community Notification
                </p>
            </div>
        </div>
    

--- Interest ---

        <div style="font-family: 'Segoe UI', Tahoma, Geneva, Verdana, sans-serif; max-width: 600px; margin: 0 auto; border: 1px solid #e2e8f0; border-radius: 16px; overflow: hidden; background-color: #ffffff;">
            <div style="background: #3b82f6; padding: 25px; text-align: center; color: white;">
                <h1 style="margin: 0; font-size: 24px; font-weight: 700;">New Interest! / కొత్త ఆసక్తి</h1>
                <p style="margin: 5px 0 0; opacity: 0.9;">Someone is interested in your request</p>
            </div>

            <div style="padding: 30px;">
                <div style="margin-bottom: 25px;">
                     <p style="color: #334155; font-size: 16px; line-height: 1.6;">
                        Good news! <strong>Ramesh Gupta</strong> has expressed interest in helping you with:
                    </p>
                    <div style="background: #eff6ff; border-left: 4px solid #3b82f6; padding: 15px; margin: 15px 0; border-radius: 4px;">
                        <h3 style="margin: 0 0 5px 0; color: #1e40af; font-size: 16px;">Plumbing Repair</h3>
                        <p style="margin: 0; color: #475569; font-size: 14px;">"Leaking tap need fix immediately."</p>
                    </div>
                </div>

                <div style="border: 1px solid #e2e8f0; border-radius: 12px; padding: 20px; margin-bottom: 25px; background: #fcfcfc;">
                    <h3 style="margin: 0 0 15px 0; font-size: 14px; text-transform: uppercase; color: #64748b; letter-spacing: 1px;">Interested User / ఆసక్తిగల వ్యక్తి</h3>
                    <div style="display: flex; align-items: center;">
                         <div style="margin-right: 15px;">
                            
                            <img src="http://localhost:5173/uploads/photo.jpg" alt="Ramesh Gupta" style="width: 50px; height: 50px; border-radius: 50%; object-fit: cover; border: 2px solid #bfdbfe;">
                            
                        </div>
                        <div>
                            <div style="font-weight: 700; color: #0f172a; font-size: 16px;">Ramesh Gupta</div>
                            <div style="color: #64748b; font-size: 14px;">
                                Business
                            </div>
                        </div>
                    </div>
                    <div style="margin-top: 15px; padding-top: 15px; border-top: 1px dashed #e2e8f0; font-size: 14px; color: #334155;">
                        <div style="margin-bottom: 5px;"><strong>📧 Email:</strong> ramesh@example.com</div>
                        <div><strong>📞 Phone:</strong> 9876543210</div>
                    </div>
                </div>

                <div style="text-align: center;">
                    <a href="http://localhost:5173/service/12345" 
                       style="background: #3b82f6; color: white; padding: 14px 30px; text-decoration: none; border-radius: 8px; font-weight: 600; display: inline-block;">
                        View Request / అభ్యర్థనను చూడండి
                    </a>
                </div>
            </div>
             <div style="background: #f1f5f9; padding: 20px; text-align: center; border-top: 1px solid #e2e8f0;">
                <p style="color: #64748b; margin: 0; font-size: 12px;">SmartHood Auto-Notification</p>
            </div>
        </div>
    

--- Completion ---

        <div style="font-family: 'Segoe UI', Tahoma, Geneva, Verdana, sans-serif; max-width: 600px; margin: 0 auto; border: 1px solid #e2e8f0; border-radius: 16px; overflow: hidden; background-color: #ffffff;">
            <div style="background: #10b981; padding: 25px; text-align: center; color: white;">
                <h1 style="margin: 0; font-size: 24px; font-weight: 700;">Service Completed! / సేవ పూర్తయింది</h1>
                <p style="margin: 5px 0 0; opacity: 0.9;">Impact made in Madhapur</p>
            </div>

            <div style="padding: 30px;">
                <div style="text-align: center; margin-bottom: 25px;">
                    <div style="font-size: 40px; margin-bottom: 10px;">🎉</div>
                    <h2 style="color: #1e293b; margin: 0; font-size: 20px;">Successful Collaboration!</h2>
                    <p style="color: #64748b; margin-top: 5px;">Your service has been marked as completed.</p>
                </div>

                <div style="background: #ecfdf5; border: 1px dashed #10b981; padding: 20px; text-align: center; border-radius: 12px; margin-bottom: 25px;">
                    <h3 style="margin: 0 0 5px 0; color: #065f46; font-size: 18px;">Plumbing Repair</h3>
                    <p style="font-size: 24px; font-weight: bold; color: #059669; margin: 10px 0;">₹500</p>
                    <p style="margin: 0; color: #047857; font-size: 12px; text-transform: uppercase; font-weight: 600;">TRANSFERRED REVENUE</p>
                </div>

                <div style="border-top: 1px solid #e2e8f0; padding-top: 20px;">
                    <p style="color: #334155; font-size: 14px; text-align: center; margin-bottom: 5px;">
                        Completed by provider / సేవా ప్రదాత:
                    </p>
                    <div style="text-align: center; font-weight: 700; color: #0f172a; font-size: 16px;">
                        Suresh Plumber
                    </div>
                </div>
            </div>
            
            <div style="background: #f1f5f9; padding: 20px; text-align: center; border-top: 1px solid #e2e8f0;">
                <p style="color: #64748b; margin: 0; font-size: 12px;">Thank you for using SmartHood!</p>
            </div>
        </div>
    
